// Jest Snapshot v1, https://goo.gl/fbAQLP

exports[`App should equal to snapshot 1`] = `
<div>
  <h1
    class="title-app"
  >
    My react app
  </h1>
</div>
`;
